(d)
(c d)
c
5
(e d c b a)
#f
#t
(a b c d e)
(a b c a d e f)
((a a a a) (b) (c c) (a a) (d) (e e e e) (f))
((4 a) (1 b) (2 c) (2 a) (1 d) (4 e))
((4 a) b (2 c) (2 a) d (4 e))
(a a a a b c c a a d e e e e)
((4 a) b (2 c) (2 a) d (4 e))
(a a b b c c c c d d)
(a a a b b b c c c)
(a b d e g h j)
((a b c) (d e f g h i k))
(c d e f g)
(d e f g h a b c)
(g h a b c d e f)
(a c d)
(a alfa b c d)
(4 5 6 7 8 9)
(7 6 5 4 3 2 1)
((a b c) (a b d) (a b e) (a c d) (a c e) (a d e) (b c d) (b c e) (b d e) (c d e))
#t
#f
9
#f
#t
4
40
(3 3 5 7)
(3 3 3 5 11 223)
(5 13 13 3919)
PROLOG  E
E N  N  M
R LINUX A
L I F MAC
  N SQL S
 WEB     
